[    0.000000] Linux version 4.15.0-159-generic (buildd@lgw01-amd64-055) (gcc version 7.5.0 (Ubuntu 7.5.0-3ubuntu1~18.04)) #167-Ubuntu SMP Tue Sep 21 08:55:05 UTC 2021 (Ubuntu 4.15.0-159.167-generic 4.15.18)
[    0.000000] Command line: BOOT_IMAGE=/boot/vmlinuz-4.15.0-159-generic root=LABEL=cloudimg-rootfs ro console=tty1 console=ttyS0
[    0.000000] KERNEL supported cpus:
[    0.000000]   Intel GenuineIntel
[    0.000000]   AMD AuthenticAMD
[    0.000000]   Centaur CentaurHauls
[    0.000000] x86/fpu: Supporting XSAVE feature 0x001: 'x87 floating point registers'
[    0.000000] x86/fpu: Supporting XSAVE feature 0x002: 'SSE registers'
[    0.000000] x86/fpu: Supporting XSAVE feature 0x004: 'AVX registers'
[    0.000000] x86/fpu: xstate_offset[2]:  576, xstate_sizes[2]:  256
[    0.000000] x86/fpu: Enabled xstate features 0x7, context size is 832 bytes, using 'standard' format.
[    0.000000] e820: BIOS-provided physical RAM map:
[    0.000000] BIOS-e820: [mem 0x0000000000000000-0x000000000009fbff] usable
[    0.000000] BIOS-e820: [mem 0x000000000009fc00-0x000000000009ffff] reserved
[    0.000000] BIOS-e820: [mem 0x00000000000f0000-0x00000000000fffff] reserved
[    0.000000] BIOS-e820: [mem 0x0000000000100000-0x000000007ffeffff] usable
[    0.000000] BIOS-e820: [mem 0x000000007fff0000-0x000000007fffffff] ACPI data
[    0.000000] BIOS-e820: [mem 0x00000000fec00000-0x00000000fec00fff] reserved
[    0.000000] BIOS-e820: [mem 0x00000000fee00000-0x00000000fee00fff] reserved
[    0.000000] BIOS-e820: [mem 0x00000000fffc0000-0x00000000ffffffff] reserved
[    0.000000] NX (Execute Disable) protection: active
[    0.000000] SMBIOS 2.5 present.
[    0.000000] DMI: innotek GmbH VirtualBox/VirtualBox, BIOS VirtualBox 12/01/2006
[    0.000000] Hypervisor detected: KVM
[    0.000000] e820: last_pfn = 0x7fff0 max_arch_pfn = 0x400000000
[    0.000000] MTRR: Disabled
[    0.000000] x86/PAT: MTRRs disabled, skipping PAT initialization too.
[    0.000000] CPU MTRRs all blank - virtualized system.
[    0.000000] x86/PAT: Configuration [0-7]: WB  WT  UC- UC  WB  WT  UC- UC  
[    0.000000] found SMP MP-table at [mem 0x0009fff0-0x0009ffff]
[    0.000000] Scanning 1 areas for low memory corruption
[    0.000000] RAMDISK: [mem 0x359cb000-0x36cdcfff]
[    0.000000] ACPI: Early table checksum verification disabled
[    0.000000] ACPI: RSDP 0x00000000000E0000 000024 (v02 VBOX  )
[    0.000000] ACPI: XSDT 0x000000007FFF0030 00003C (v01 VBOX   VBOXXSDT 00000001 ASL  00000061)
[    0.000000] ACPI: FACP 0x000000007FFF00F0 0000F4 (v04 VBOX   VBOXFACP 00000001 ASL  00000061)
[    0.000000] ACPI: DSDT 0x000000007FFF0470 002325 (v02 VBOX   VBOXBIOS 00000002 INTL 20200925)
[    0.000000] ACPI: FACS 0x000000007FFF0200 000040
[    0.000000] ACPI: FACS 0x000000007FFF0200 000040
[    0.000000] ACPI: APIC 0x000000007FFF0240 00005C (v02 VBOX   VBOXAPIC 00000001 ASL  00000061)
[    0.000000] ACPI: SSDT 0x000000007FFF02A0 0001CC (v01 VBOX   VBOXCPUT 00000002 INTL 20200925)
[    0.000000] ACPI: Reserving FACP table memory at [mem 0x7fff00f0-0x7fff01e3]
[    0.000000] ACPI: Reserving DSDT table memory at [mem 0x7fff0470-0x7fff2794]
[    0.000000] ACPI: Reserving FACS table memory at [mem 0x7fff0200-0x7fff023f]
[    0.000000] ACPI: Reserving FACS table memory at [mem 0x7fff0200-0x7fff023f]
[    0.000000] ACPI: Reserving APIC table memory at [mem 0x7fff0240-0x7fff029b]
[    0.000000] ACPI: Reserving SSDT table memory at [mem 0x7fff02a0-0x7fff046b]
[    0.000000] No NUMA configuration found
[    0.000000] Faking a node at [mem 0x0000000000000000-0x000000007ffeffff]
[    0.000000] NODE_DATA(0) allocated [mem 0x7ffc5000-0x7ffeffff]
[    0.000000] kvm-clock: cpu 0, msr 0:7ff44001, primary cpu clock
[    0.000000] kvm-clock: Using msrs 4b564d01 and 4b564d00
[    0.000000] kvm-clock: using sched offset of 3351339205 cycles
[    0.000000] clocksource: kvm-clock: mask: 0xffffffffffffffff max_cycles: 0x1cd42e4dffb, max_idle_ns: 881590591483 ns
[    0.000000] Zone ranges:
[    0.000000]   DMA      [mem 0x0000000000001000-0x0000000000ffffff]
[    0.000000]   DMA32    [mem 0x0000000001000000-0x000000007ffeffff]
[    0.000000]   Normal   empty
[    0.000000]   Device   empty
[    0.000000] Movable zone start for each node
[    0.000000] Early memory node ranges
[    0.000000]   node   0: [mem 0x0000000000001000-0x000000000009efff]
[    0.000000]   node   0: [mem 0x0000000000100000-0x000000007ffeffff]
[    0.000000] Reserved but unavailable: 104 pages
[    0.000000] Initmem setup node 0 [mem 0x0000000000001000-0x000000007ffeffff]
[    0.000000] ACPI: PM-Timer IO Port: 0x4008
[    0.000000] IOAPIC[0]: apic_id 2, version 32, address 0xfec00000, GSI 0-23
[    0.000000] ACPI: INT_SRC_OVR (bus 0 bus_irq 0 global_irq 2 dfl dfl)
[    0.000000] ACPI: INT_SRC_OVR (bus 0 bus_irq 9 global_irq 9 low level)
[    0.000000] Using ACPI (MADT) for SMP configuration information
[    0.000000] smpboot: Allowing 2 CPUs, 0 hotplug CPUs
[    0.000000] PM: Registered nosave memory: [mem 0x00000000-0x00000fff]
[    0.000000] PM: Registered nosave memory: [mem 0x0009f000-0x0009ffff]
[    0.000000] PM: Registered nosave memory: [mem 0x000a0000-0x000effff]
[    0.000000] PM: Registered nosave memory: [mem 0x000f0000-0x000fffff]
[    0.000000] e820: [mem 0x80000000-0xfebfffff] available for PCI devices
[    0.000000] Booting paravirtualized kernel on KVM
[    0.000000] clocksource: refined-jiffies: mask: 0xffffffff max_cycles: 0xffffffff, max_idle_ns: 7645519600211568 ns
[    0.000000] random: get_random_bytes called from start_kernel+0x99/0x500 with crng_init=0
[    0.000000] setup_percpu: NR_CPUS:8192 nr_cpumask_bits:2 nr_cpu_ids:2 nr_node_ids:1
[    0.000000] percpu: Embedded 45 pages/cpu s147456 r8192 d28672 u1048576
[    0.000000] PV qspinlock hash table entries: 256 (order: 0, 4096 bytes)
[    0.000000] Built 1 zonelists, mobility grouping on.  Total pages: 515961
[    0.000000] Policy zone: DMA32
[    0.000000] Kernel command line: BOOT_IMAGE=/boot/vmlinuz-4.15.0-159-generic root=LABEL=cloudimg-rootfs ro console=tty1 console=ttyS0
[    0.000000] Memory: 2014900K/2096696K available (12300K kernel code, 2483K rwdata, 4320K rodata, 2448K init, 2724K bss, 81796K reserved, 0K cma-reserved)
[    0.000000] SLUB: HWalign=64, Order=0-3, MinObjects=0, CPUs=2, Nodes=1
[    0.000000] Kernel/User page tables isolation: enabled
[    0.000000] ftrace: allocating 39471 entries in 155 pages
[    0.004000] Hierarchical RCU implementation.
[    0.004000] 	RCU restricting CPUs from NR_CPUS=8192 to nr_cpu_ids=2.
[    0.004000] 	Tasks RCU enabled.
[    0.004000] RCU: Adjusting geometry for rcu_fanout_leaf=16, nr_cpu_ids=2
[    0.004000] NR_IRQS: 524544, nr_irqs: 440, preallocated irqs: 16
[    0.004000] Console: colour VGA+ 80x25
[    0.004000] console [tty1] enabled
[    0.004000] console [ttyS0] enabled
[    0.004000] ACPI: Core revision 20170831
[    0.004000] ACPI: 2 ACPI AML tables successfully acquired and loaded
[    0.004000] APIC: Switch to symmetric I/O mode setup
[    0.004000] x2apic enabled
[    0.004000] Switched APIC routing to physical x2apic.
[    0.004000] ..TIMER: vector=0x30 apic1=0 pin1=2 apic2=-1 pin2=-1
[    0.004004] tsc: Detected 2903.998 MHz processor
[    0.004641] Calibrating delay loop (skipped) preset value.. 5807.99 BogoMIPS (lpj=11615992)
[    0.005324] pid_max: default: 32768 minimum: 301
[    0.005989] Security Framework initialized
[    0.006602] Yama: becoming mindful.
[    0.007200] AppArmor: AppArmor initialized
[    0.008811] Dentry cache hash table entries: 262144 (order: 9, 2097152 bytes)
[    0.010349] Inode-cache hash table entries: 131072 (order: 8, 1048576 bytes)
[    0.011312] Mount-cache hash table entries: 4096 (order: 3, 32768 bytes)
[    0.012021] Mountpoint-cache hash table entries: 4096 (order: 3, 32768 bytes)
[    0.013168] Last level iTLB entries: 4KB 64, 2MB 8, 4MB 8
[    0.013926] Last level dTLB entries: 4KB 64, 2MB 0, 4MB 0, 1GB 4
[    0.014698] Spectre V1 : Mitigation: usercopy/swapgs barriers and __user pointer sanitization
[    0.016002] Spectre V2 : Mitigation: Full generic retpoline
[    0.016720] Spectre V2 : Spectre v2 / SpectreRSB mitigation: Filling RSB on context switch
[    0.017769] Speculative Store Bypass: Vulnerable
[    0.018409] SRBDS: Unknown: Dependent on hypervisor status
[    0.019130] MDS: Mitigation: Clear CPU buffers
[    0.020144] Freeing SMP alternatives memory: 36K
[    0.131071] smpboot: CPU0: Intel(R) Core(TM) i7-7500U CPU @ 2.70GHz (family: 0x6, model: 0x8e, stepping: 0x9)
[    0.132000] Performance Events: unsupported p6 CPU model 142 no PMU driver, software events only.
[    0.132000] Hierarchical SRCU implementation.
[    0.132000] NMI watchdog: Perf event create on CPU 0 failed with -2
[    0.132002] NMI watchdog: Perf NMI watchdog permanently disabled
[    0.132814] smp: Bringing up secondary CPUs ...
[    0.133483] x86: Booting SMP configuration:
[    0.134047] .... node  #0, CPUs:      #1
[    0.004000] kvm-clock: cpu 1, msr 0:7ff44041, secondary cpu clock
[    0.138316] smp: Brought up 1 node, 2 CPUs
[    0.138316] smpboot: Max logical packages: 1
[    0.138316] smpboot: Total of 2 processors activated (11615.99 BogoMIPS)
[    0.140136] devtmpfs: initialized
[    0.140522] x86/mm: Memory block size: 128MB
[    0.141291] evm: security.selinux
[    0.141765] evm: security.SMACK64
[    0.142222] evm: security.SMACK64EXEC
[    0.142715] evm: security.SMACK64TRANSMUTE
[    0.144003] evm: security.SMACK64MMAP
[    0.144499] evm: security.apparmor
[    0.144965] evm: security.ima
[    0.145381] evm: security.capability
[    0.145909] clocksource: jiffies: mask: 0xffffffff max_cycles: 0xffffffff, max_idle_ns: 7645041785100000 ns
[    0.145909] futex hash table entries: 512 (order: 3, 32768 bytes)
[    0.148035] pinctrl core: initialized pinctrl subsystem
[    0.148785] RTC time: 15:01:50, date: 10/27/21
[    0.149544] NET: Registered protocol family 16
[    0.150189] audit: initializing netlink subsys (disabled)
[    0.150905] audit: type=2000 audit(1635346915.850:1): state=initialized audit_enabled=0 res=1
[    0.152009] cpuidle: using governor ladder
[    0.152567] cpuidle: using governor menu
[    0.153124] ACPI: bus type PCI registered
[    0.153664] acpiphp: ACPI Hot Plug PCI Controller Driver version: 0.5
[    0.154555] PCI: Using configuration type 1 for base access
[    0.156612] HugeTLB registered 2.00 MiB page size, pre-allocated 0 pages
[    0.157042] ACPI: Added _OSI(Module Device)
[    0.157042] ACPI: Added _OSI(Processor Device)
[    0.157265] ACPI: Added _OSI(3.0 _SCP Extensions)
[    0.160003] ACPI: Added _OSI(Processor Aggregator Device)
[    0.160688] ACPI: Added _OSI(Linux-Dell-Video)
[    0.161377] ACPI: Added _OSI(Linux-Lenovo-NV-HDMI-Audio)
[    0.162130] ACPI: Added _OSI(Linux-HPI-Hybrid-Graphics)
[    0.163069] ACPI: Executed 1 blocks of module-level executable AML code
[    0.166619] ACPI: Interpreter enabled
[    0.167226] ACPI: (supports S0 S5)
[    0.168009] ACPI: Using IOAPIC for interrupt routing
[    0.168864] PCI: Using host bridge windows from ACPI; if necessary, use "pci=nocrs" and report a bug
[    0.170188] ACPI: Enabled 2 GPEs in block 00 to 07
[    0.175616] ACPI: PCI Root Bridge [PCI0] (domain 0000 [bus 00-ff])
[    0.176007] acpi PNP0A03:00: _OSC: OS supports [ASPM ClockPM Segments MSI]
[    0.177460] acpi PNP0A03:00: _OSC: not requesting OS control; OS requires [ExtendedConfig ASPM ClockPM MSI]
[    0.178827] acpi PNP0A03:00: fail to add MMCONFIG information, can't access extended PCI configuration space under this bridge.
[    0.180294] PCI host bridge to bus 0000:00
[    0.180854] pci_bus 0000:00: root bus resource [io  0x0000-0x0cf7 window]
[    0.181703] pci_bus 0000:00: root bus resource [io  0x0d00-0xffff window]
[    0.182603] pci_bus 0000:00: root bus resource [mem 0x000a0000-0x000bffff window]
[    0.184003] pci_bus 0000:00: root bus resource [mem 0x80000000-0xfdffffff window]
[    0.185008] pci_bus 0000:00: root bus resource [bus 00-ff]
[    0.188045] pci 0000:00:01.1: legacy IDE quirk: reg 0x10: [io  0x01f0-0x01f7]
[    0.188948] pci 0000:00:01.1: legacy IDE quirk: reg 0x14: [io  0x03f6]
[    0.189773] pci 0000:00:01.1: legacy IDE quirk: reg 0x18: [io  0x0170-0x0177]
[    0.190671] pci 0000:00:01.1: legacy IDE quirk: reg 0x1c: [io  0x0376]
[    0.225144] pci 0000:00:07.0: quirk: [io  0x4000-0x403f] claimed by PIIX4 ACPI
[    0.226248] pci 0000:00:07.0: quirk: [io  0x4100-0x410f] claimed by PIIX4 SMB
[    0.249111] ACPI: PCI Interrupt Link [LNKA] (IRQs 5 9 10 *11)
[    0.250312] ACPI: PCI Interrupt Link [LNKB] (IRQs 5 9 *10 11)
[    0.251330] ACPI: PCI Interrupt Link [LNKC] (IRQs 5 *9 10 11)
[    0.252090] ACPI: PCI Interrupt Link [LNKD] (IRQs 5 9 10 *11)
[    0.253302] SCSI subsystem initialized
[    0.254024] pci 0000:00:02.0: vgaarb: setting as boot VGA device
[    0.254024] pci 0000:00:02.0: vgaarb: VGA device added: decodes=io+mem,owns=io+mem,locks=none
[    0.256004] pci 0000:00:02.0: vgaarb: bridge control possible
[    0.256914] vgaarb: loaded
[    0.257419] ACPI: bus type USB registered
[    0.258129] usbcore: registered new interface driver usbfs
[    0.258998] usbcore: registered new interface driver hub
[    0.260008] usbcore: registered new device driver usb
[    0.260845] EDAC MC: Ver: 3.0.0
[    0.260845] PCI: Using ACPI for IRQ routing
[    0.260913] NetLabel: Initializing
[    0.261478] NetLabel:  domain hash size = 128
[    0.264002] NetLabel:  protocols = UNLABELED CIPSOv4 CALIPSO
[    0.264872] NetLabel:  unlabeled traffic allowed by default
[    0.265710] clocksource: Switched to clocksource kvm-clock
[    0.274211] VFS: Disk quotas dquot_6.6.0
[    0.274908] VFS: Dquot-cache hash table entries: 512 (order 0, 4096 bytes)
[    0.276038] AppArmor: AppArmor Filesystem Enabled
[    0.276867] pnp: PnP ACPI init
[    0.278131] pnp: PnP ACPI: found 3 devices
[    0.286735] clocksource: acpi_pm: mask: 0xffffff max_cycles: 0xffffff, max_idle_ns: 2085701024 ns
[    0.288321] NET: Registered protocol family 2
[    0.289202] IP idents hash table entries: 32768 (order: 6, 262144 bytes)
[    0.290625] TCP established hash table entries: 16384 (order: 5, 131072 bytes)
[    0.291923] TCP bind hash table entries: 16384 (order: 6, 262144 bytes)
[    0.293658] TCP: Hash tables configured (established 16384 bind 16384)
[    0.294635] UDP hash table entries: 1024 (order: 3, 32768 bytes)
[    0.295471] UDP-Lite hash table entries: 1024 (order: 3, 32768 bytes)
[    0.296340] NET: Registered protocol family 1
[    0.297007] pci 0000:00:00.0: Limiting direct PCI/PCI transfers
[    0.297964] pci 0000:00:01.0: Activating ISA DMA hang workarounds
[    0.298922] pci 0000:00:02.0: Video device with shadowed ROM at [mem 0x000c0000-0x000dffff]
[    0.300295] Unpacking initramfs...
[    0.542108] Freeing initrd memory: 19528K
[    0.542965] clocksource: tsc: mask: 0xffffffffffffffff max_cycles: 0x29dc03c1beb, max_idle_ns: 440795205215 ns
[    0.544574] platform rtc_cmos: registered platform RTC device (no PNP device found)
[    0.545796] Scanning for low memory corruption every 60 seconds
[    0.547305] Initialise system trusted keyrings
[    0.548051] Key type blacklist registered
[    0.548874] workingset: timestamp_bits=36 max_order=19 bucket_order=0
[    0.551097] zbud: loaded
[    0.552109] squashfs: version 4.0 (2009/01/31) Phillip Lougher
[    0.553240] fuse init (API version 7.26)
[    0.555179] Key type asymmetric registered
[    0.555862] Asymmetric key parser 'x509' registered
[    0.556675] Block layer SCSI generic (bsg) driver version 0.4 loaded (major 246)
[    0.557899] io scheduler noop registered
[    0.558530] io scheduler deadline registered
[    0.559234] io scheduler cfq registered (default)
[    0.560282] ACPI: AC Adapter [AC] (on-line)
[    0.560992] input: Power Button as /devices/LNXSYSTM:00/LNXPWRBN:00/input/input0
[    0.562382] ACPI: Power Button [PWRF]
[    0.563101] input: Sleep Button as /devices/LNXSYSTM:00/LNXSLPBN:00/input/input1
[    0.564353] ACPI: Sleep Button [SLPF]
[    0.565895] ACPI: Battery Slot [BAT0] (battery present)
[    0.567016] Serial: 8250/16550 driver, 32 ports, IRQ sharing enabled
[    0.589035] 00:02: ttyS0 at I/O 0x3f8 (irq = 4, base_baud = 115200) is a 16550A
[    0.592604] Linux agpgart interface v0.103
[    0.594636] loop: module loaded
[    0.595514] scsi host0: ata_piix
[    0.596092] scsi host1: ata_piix
[    0.596623] ata1: PATA max UDMA/33 cmd 0x1f0 ctl 0x3f6 bmdma 0xd000 irq 14
[    0.597480] ata2: PATA max UDMA/33 cmd 0x170 ctl 0x376 bmdma 0xd008 irq 15
[    0.598440] libphy: Fixed MDIO Bus: probed
[    0.599013] tun: Universal TUN/TAP device driver, 1.6
[    0.599785] PPP generic driver version 2.4.2
[    0.600533] ehci_hcd: USB 2.0 'Enhanced' Host Controller (EHCI) Driver
[    0.601381] ehci-pci: EHCI PCI platform driver
[    0.601989] ehci-platform: EHCI generic platform driver
[    0.602679] ohci_hcd: USB 1.1 'Open' Host Controller (OHCI) Driver
[    0.603584] ohci-pci: OHCI PCI platform driver
[    0.604323] ohci-platform: OHCI generic platform driver
[    0.605019] uhci_hcd: USB Universal Host Controller Interface driver
[    0.605846] i8042: PNP: PS/2 Controller [PNP0303:PS2K,PNP0f03:PS2M] at 0x60,0x64 irq 1,12
[    0.607268] serio: i8042 KBD port at 0x60,0x64 irq 1
[    0.607956] serio: i8042 AUX port at 0x60,0x64 irq 12
[    0.608768] mousedev: PS/2 mouse device common for all mice
[    0.609926] input: AT Translated Set 2 keyboard as /devices/platform/i8042/serio0/input/input2
[    0.611376] rtc_cmos rtc_cmos: rtc core: registered rtc_cmos as rtc0
[    0.612243] rtc_cmos rtc_cmos: alarms up to one day, 114 bytes nvram
[    0.613107] i2c /dev entries driver
[    0.613650] device-mapper: uevent: version 1.0.3
[    0.614331] device-mapper: ioctl: 4.37.0-ioctl (2017-09-20) initialised: dm-devel@redhat.com
[    0.615513] ledtrig-cpu: registered to indicate activity on CPUs
[    0.616600] NET: Registered protocol family 10
[    0.620687] Segment Routing with IPv6
[    0.621323] NET: Registered protocol family 17
[    0.622028] Key type dns_resolver registered
[    0.622876] mce: Using 0 MCE banks
[    0.623373] RAS: Correctable Errors collector initialized.
[    0.624116] sched_clock: Marking stable (624091601, 0)->(841437638, -217346037)
[    0.625446] registered taskstats version 1
[    0.626005] Loading compiled-in X.509 certificates
[    0.628520] Loaded X.509 cert 'Build time autogenerated kernel key: bf5768e0b2369bd53acb56866ca104cf5a2c379b'
[    0.630358] Loaded X.509 cert 'Canonical Ltd. Live Patch Signing: 14df34d1a87cf37625abec039ef2bf521249b969'
[    0.632205] Loaded X.509 cert 'Canonical Ltd. Kernel Module Signing: 88f752e560a1e0737e31163a466ad7b70a850c19'
[    0.633540] zswap: loaded using pool lzo/zbud
[    0.636846] Key type big_key registered
[    0.637394] Key type trusted registered
[    0.639154] Key type encrypted registered
[    0.639700] AppArmor: AppArmor sha1 policy hashing enabled
[    0.640571] ima: No TPM chip found, activating TPM-bypass! (rc=-19)
[    0.641367] ima: Allocated hash algorithm: sha1
[    0.641981] evm: HMAC attrs: 0x1
[    0.642612]   Magic number: 9:606:33
[    0.643185] rtc_cmos rtc_cmos: setting system clock to 2021-10-27 15:01:51 UTC (1635346911)
[    0.644335] BIOS EDD facility v0.16 2004-Jun-25, 0 devices found
[    0.645102] EDD information not available.
[    0.786366] Freeing unused kernel image memory: 2448K
[    1.120175] Write protecting the kernel read-only data: 20480k
[    1.122641] Freeing unused kernel image memory: 2008K
[    1.127427] Freeing unused kernel image memory: 1824K
[    1.139923] x86/mm: Checked W+X mappings: passed, no W+X pages found.
[    1.142239] x86/mm: Checking user space page tables
[    1.152453] x86/mm: Checked W+X mappings: passed, no W+X pages found.
Loading, please wait...
starting version 237
[    1.253136] e1000: Intel(R) PRO/1000 Network Driver - version 7.3.21-k8-NAPI
[    1.265260] e1000: Copyright (c) 1999-2006 Intel Corporation.
[    1.265329] Fusion MPT base driver 3.04.20
[    1.270784] Copyright (c) 1999-2008 LSI Corporation
[    1.308394] Fusion MPT SPI Host driver 3.04.20
[    1.315493] AVX2 version of gcm_enc/dec engaged.
[    1.320704] AES CTR mode by8 optimization enabled
[    1.482194] input: ImExPS/2 Generic Explorer Mouse as /devices/platform/i8042/serio1/input/input4
[    1.695547] e1000 0000:00:03.0 eth0: (PCI:33MHz:32-bit) 02:2f:77:f1:0c:e0
[    1.696537] e1000 0000:00:03.0 eth0: Intel(R) PRO/1000 Network Connection
[    2.579550] e1000 0000:00:08.0 eth1: (PCI:33MHz:32-bit) 08:00:27:9f:32:41
[    2.582818] e1000 0000:00:08.0 eth1: Intel(R) PRO/1000 Network Connection
[    2.588760] e1000 0000:00:08.0 enp0s8: renamed from eth1
[    2.591518] mptbase: ioc0: Initiating bringup
[    2.604920] e1000 0000:00:03.0 enp0s3: renamed from eth0
[    2.696830] ioc0: LSI53C1030 A0: Capabilities={Initiator}
[    2.942512] scsi host2: ioc0: LSI53C1030 A0, FwRev=00000000h, Ports=1, MaxQ=256, IRQ=20
[    3.111225] scsi 2:0:0:0: Direct-Access     VBOX     HARDDISK         1.0  PQ: 0 ANSI: 5
[    3.439348] scsi target2:0:0: Beginning Domain Validation
[    3.444799] scsi target2:0:0: Domain Validation skipping write tests
[    3.448018] scsi target2:0:0: Ending Domain Validation
[    3.450870] scsi target2:0:0: asynchronous
[    3.453961] scsi 2:0:1:0: Direct-Access     VBOX     HARDDISK         1.0  PQ: 0 ANSI: 5
[    3.963230] scsi target2:0:1: Beginning Domain Validation
[    3.964959] random: fast init done
[    3.965699] scsi target2:0:1: Domain Validation skipping write tests
[    3.966781] scsi target2:0:1: Ending Domain Validation
[    3.967922] scsi target2:0:1: asynchronous
[    3.972728] random: systemd-udevd: uninitialized urandom read (16 bytes read)
[    3.972752] sd 2:0:0:0: Attached scsi generic sg0 type 0
[    3.974417] random: systemd-udevd: uninitialized urandom read (16 bytes read)
[    3.977125] random: systemd-udevd: uninitialized urandom read (16 bytes read)
[    3.978689] sd 2:0:1:0: Attached scsi generic sg1 type 0
[    3.978703] sd 2:0:0:0: [sda] 83886080 512-byte logical blocks: (42.9 GB/40.0 GiB)
[    3.981762] sd 2:0:0:0: [sda] Write Protect is off
[    3.982888] sd 2:0:1:0: [sdb] 20480 512-byte logical blocks: (10.5 MB/10.0 MiB)
[    3.984453] sd 2:0:1:0: [sdb] Write Protect is off
[    3.985402] sd 2:0:0:0: [sda] Incomplete mode parameter data
[    3.986538] sd 2:0:0:0: [sda] Assuming drive cache: write through
[    3.987773] sd 2:0:1:0: [sdb] Incomplete mode parameter data
[    3.989066] sd 2:0:1:0: [sdb] Assuming drive cache: write through
[    3.994203]  sda: sda1
[    3.995632] sd 2:0:0:0: [sda] Attached SCSI disk
[    3.997236] sd 2:0:1:0: [sdb] Attached SCSI disk
Begin: Loading essential drivers ... [    5.472176] raid6: sse2x1   gen()  7645 MB/s
[    5.520100] raid6: sse2x1   xor()  4718 MB/s
[    5.568181] raid6: sse2x2   gen() 10807 MB/s
[    5.616064] raid6: sse2x2   xor()  9249 MB/s
[    5.664061] raid6: sse2x4   gen() 17179 MB/s
[    5.712089] raid6: sse2x4   xor()  8103 MB/s
[    5.760070] raid6: avx2x1   gen() 15879 MB/s
[    5.808150] raid6: avx2x1   xor() 11179 MB/s
[    5.856454] raid6: avx2x2   gen() 17460 MB/s
[    5.904102] raid6: avx2x2   xor() 13529 MB/s
[    5.952141] raid6: avx2x4   gen() 23582 MB/s
[    6.000032] raid6: avx2x4   xor() 14752 MB/s
[    6.000822] raid6: using algorithm avx2x4 gen() 23582 MB/s
[    6.001547] raid6: .... xor() 14752 MB/s, rmw enabled
[    6.002267] raid6: using avx2x2 recovery algorithm
[    6.004315] xor: automatically using best checksumming function   avx       
[    6.006646] async_tx: api initialized (async)
done.
Begin: Running /scripts/init-premount ... done.
Begin: Mounting root file system ... Begin: Running /scripts/local-top ... done.
Begin: Running /scripts/local-premount ... [    6.048745] Btrfs loaded, crc32c=crc32c-intel
Scanning for Btrfs filesystems
done.
Warning: fsck not present, so skipping root file system
[    6.076324] EXT4-fs (sda1): mounted filesystem with ordered data mode. Opts: (null)
done.
Begin: Running /scripts/local-bottom ... done.
Begin: Running /scripts/init-bottom ... done.
[    6.338244] ip_tables: (C) 2000-2006 Netfilter Core Team
[    6.356783] systemd[1]: systemd 237 running in system mode. (+PAM +AUDIT +SELINUX +IMA +APPARMOR +SMACK +SYSVINIT +UTMP +LIBCRYPTSETUP +GCRYPT +GNUTLS +ACL +XZ +LZ4 +SECCOMP +BLKID +ELFUTILS +KMOD -IDN2 +IDN -PCRE2 default-hierarchy=hybrid)
[    6.365985] systemd[1]: Detected virtualization oracle.
[    6.368565] systemd[1]: Detected architecture x86-64.

Welcome to [1mUbuntu 18.04.6 LTS[0m!

[    6.382956] systemd[1]: Set hostname to <ubuntu>.
[    6.389169] systemd[1]: Initializing machine ID from random generator.
[    6.395435] systemd[1]: Installed transient /etc/machine-id file.
[    6.650064] systemd[1]: Started Forward Password Requests to Wall Directory Watch.
[[0;32m  OK  [0m] Started Forward Password Requests to Wall Directory Watch.
[    6.656373] systemd[1]: Reached target User and Group Name Lookups.
[[0;32m  OK  [0m] Reached target User and Group Name Lookups.
[    6.659974] systemd[1]: Created slice System Slice.
[[0;32m  OK  [0m] Created slice System Slice.
[    6.663189] systemd[1]: Listening on /dev/initctl Compatibility Named Pipe.
[[0;32m  OK  [0m] Listening on /dev/initctl Compatibility Named Pipe.
[[0;32m  OK  [0m] Listening on LVM2 poll daemon socket.
[[0;32m  OK  [0m] Listening on udev Control Socket.
[[0;32m  OK  [0m] Listening on Device-mapper event daemon FIFOs.
[[0;32m  OK  [0m] Listening on Journal Socket.
         Starting Uncomplicated firewall...
         Mounting Kernel Debug File System...
         Starting Load Kernel Modules...
[[0;32m  OK  [0m] Listening on fsck to fsckd communication Socket.
[[0;32m  OK  [0m] Reached target System Time Synchronized.
[[0;32m  OK  [0m] Listening on Syslog Socket.
[    6.696689] Loading iSCSI transport class v2.0-870.
[    6.705154] iscsi: registered transport (tcp)
         Mounting Huge Pages File System...
         Starting Set the console keyboard layout...
[[0;32m  OK  [0m] Created slice system-serial\x2dgetty.slice.
[[0;32m  OK  [0m] Set up automount Arbitrary Executabâ€¦rmats File System Automount Point.
[[0;32m  OK  [0m] Listening on Journal Socket (/dev/log).
[[0;32m  OK  [0m] Reached target Swap.
         Mounting POSIX Message Queue File System...
[[0;32m  OK  [0m] Listening on LVM2 metadata daemon socket.
         Starting Create list of required stâ€¦ce nodes for the current kernel...
[[0;32m  OK  [0m] Listening on Network Service Netlink Socket.
[[0;32m  OK  [0m] Listening on Journal Audit Socket.
         Starting Journal Service...
         Starting File System Check on Root Device...
         Starting Monitoring of LVM2 mirrorsâ€¦ng dmeventd or progress polling...
[    6.765371] iscsi: registered transport (iser)
[[0;32m  OK  [0m] Listening on udev Kernel Socket.
         Starting udev Coldplug all Devices...
[[0;32m  OK  [0m] Created slice User and Session Slice.
[[0;32m  OK  [0m] Reached target Slices.
[[0;32m  OK  [0m] Started Journal Service.
[[0;32m  OK  [0m] Started Uncomplicated firewall.
[[0;32m  OK  [0m] Mounted Kernel Debug File System.
[[0;32m  OK  [0m] Started Load Kernel Modules.
[[0;32m  OK  [0m] Mounted Huge Pages File System.
[[0;32m  OK  [0m] Mounted POSIX Message Queue File System.
[[0;32m  OK  [0m] Started Create list of required staâ€¦vice nodes for the current kernel.
[[0;32m  OK  [0m] Started File System Check Daemon to report status.
         Starting Create Static Device Nodes in /dev...
         Mounting FUSE Control File System...
         Mounting Kernel Configuration File System...
         Starting Apply Kernel Variables...
[[0;32m  OK  [0m] Mounted FUSE Control File System.
[[0;32m  OK  [0m] Mounted Kernel Configuration File System.
[[0;32m  OK  [0m] Started Create Static Device Nodes in /dev.
[[0;32m  OK  [0m] Started File System Check on Root Device.
         Starting Remount Root and Kernel File Systems...
[[0;32m  OK  [0m] Started LVM2 metadata daemon.
[[0;32m  OK  [0m] Started udev Coldplug all Devices.
[[0;32m  OK  [0m] Started Apply Kernel Variables.
[[0;32m  OK  [0m] Started Remount Root and Kernel File Systems.
         Starting Load/Save Random Seed...
         Starting Flush Journal to Persistent Storage...
         Starting udev Kernel Device Manager...
[[0;32m  OK  [0m] Started Monitoring of LVM2 mirrors,â€¦sing dmeventd or progress polling.
[[0;32m  OK  [0m] Started Load/Save Random Seed.
[[0;32m  OK  [0m] Started udev Kernel Device Manager.
[[0;32m  OK  [0m] Started Flush Journal to Persistent Storage.
[[0;32m  OK  [0m] Started Set the console keyboard layout.
[[0;32m  OK  [0m] Started Dispatch Password Requests to Console Directory Watch.
[[0;32m  OK  [0m] Reached target Local Encrypted Volumes.
[[0;32m  OK  [0m] Reached target Local File Systems (Pre).
[[0;32m  OK  [0m] Reached target Local File Systems.
         Starting Tell Plymouth To Write Out Runtime Data...
         Starting Commit a transient machine-id on disk...
         Starting AppArmor initialization...
         Starting ebtables ruleset management...
         Starting Set console font and keymap...
         Starting Create Volatile Files and Directories...
[[0;32m  OK  [0m] Started Tell Plymouth To Write Out Runtime Data.
[[0;32m  OK  [0m] Started Set console font and keymap.
[[0;32m  OK  [0m] Started Create Volatile Files and Directories.
         Starting Update UTMP about System Boot/Shutdown...
[[0;32m  OK  [0m] Started Commit a transient machine-id on disk.
[[0;32m  OK  [0m] Started Update UTMP about System Boot/Shutdown.
[[0;32m  OK  [0m] Started ebtables ruleset management.
[[0;32m  OK  [0m] Found device /dev/ttyS0.
[[0;32m  OK  [0m] Listening on Load/Save RF Kill Switch Status /dev/rfkill Watch.
[[0;32m  OK  [0m] Started AppArmor initialization.
         Starting Load AppArmor profiles managed internally by snapd...
         Starting Initial cloud-init job (pre-networking)...
[[0;32m  OK  [0m] Started Load AppArmor profiles managed internally by snapd.
[    9.139067] cloud-init[574]: Cloud-init v. 21.2-3-g899bfaa9-0ubuntu2~18.04.1 running 'init-local' at Wed, 27 Oct 2021 15:01:59 +0000. Up 8.83 seconds.
[[0;32m  OK  [0m] Started Initial cloud-init job (pre-networking).
[[0;32m  OK  [0m] Reached target Network (Pre).
         Starting Network Service...
[[0;32m  OK  [0m] Started Network Service.
         Starting Wait for Network to be Configured...
         Starting Network Name Resolution...
[[0;32m  OK  [0m] Started Network Name Resolution.
[[0;32m  OK  [0m] Reached target Network.
[[0;32m  OK  [0m] Reached target Host and Network Name Lookups.
[[0;32m  OK  [0m] Started Wait for Network to be Configured.
         Starting Initial cloud-init job (metadata service crawler)...
[   10.788654] cloud-init[694]: Cloud-init v. 21.2-3-g899bfaa9-0ubuntu2~18.04.1 running 'init' at Wed, 27 Oct 2021 15:02:01 +0000. Up 10.66 seconds.
[   10.789937] cloud-init[694]: ci-info: ++++++++++++++++++++++++++++++++++++++Net device info++++++++++++++++++++++++++++++++++++++
[   10.791228] cloud-init[694]: ci-info: +--------+-------+---------------------------+---------------+--------+-------------------+
[   10.792365] cloud-init[694]: ci-info: | Device |   Up  |          Address          |      Mask     | Scope  |     Hw-Address    |
[   10.793498] cloud-init[694]: ci-info: +--------+-------+---------------------------+---------------+--------+-------------------+
[   10.794620] cloud-init[694]: ci-info: | enp0s3 |  True |         10.0.2.15         | 255.255.255.0 | global | 02:2f:77:f1:0c:e0 |
[   10.795748] cloud-init[694]: ci-info: | enp0s3 |  True | fe80::2f:77ff:fef1:ce0/64 |       .       |  link  | 02:2f:77:f1:0c:e0 |
[   10.796991] cloud-init[694]: ci-info: | enp0s8 | False |             .             |       .       |   .    | 08:00:27:9f:32:41 |
[   10.798124] cloud-init[694]: ci-info: |   lo   |  True |         127.0.0.1         |   255.0.0.0   |  host  |         .         |
[   10.799273] cloud-init[694]: ci-info: |   lo   |  True |          ::1/128          |       .       |  host  |         .         |
[   10.800368] cloud-init[694]: ci-info: +--------+-------+---------------------------+---------------+--------+-------------------+
[   10.801519] cloud-init[694]: ci-info: ++++++++++++++++++++++++++++Route IPv4 info+++++++++++++++++++++++++++++
[   10.802629] cloud-init[694]: ci-info: +-------+-------------+----------+-----------------+-----------+-------+
[   10.803767] cloud-init[694]: ci-info: | Route | Destination | Gateway  |     Genmask     | Interface | Flags |
[   10.805051] cloud-init[694]: ci-info: +-------+-------------+----------+-----------------+-----------+-------+
[   10.807877] cloud-init[694]: ci-info: |   0   |   0.0.0.0   | 10.0.2.2 |     0.0.0.0     |   enp0s3  |   UG  |
[   10.810024] cloud-init[694]: ci-info: |   1   |   10.0.2.0  | 0.0.0.0  |  255.255.255.0  |   enp0s3  |   U   |
[   10.811092] cloud-init[694]: ci-info: |   2   |   10.0.2.2  | 0.0.0.0  | 255.255.255.255 |   enp0s3  |   UH  |
[   10.812142] cloud-init[694]: ci-info: +-------+-------------+----------+-----------------+-----------+-------+
[   10.813419] cloud-init[694]: ci-info: +++++++++++++++++++Route IPv6 info+++++++++++++++++++
[   10.814575] cloud-init[694]: ci-info: +-------+-------------+---------+-----------+-------+
[   10.815852] cloud-init[694]: ci-info: | Route | Destination | Gateway | Interface | Flags |
[   10.816849] cloud-init[694]: ci-info: +-------+-------------+---------+-----------+-------+
[   10.817869] cloud-init[694]: ci-info: |   1   |  fe80::/64  |    ::   |   enp0s3  |   U   |
[   10.819323] cloud-init[694]: ci-info: |   3   |    local    |    ::   |   enp0s3  |   U   |
[   10.820305] cloud-init[694]: ci-info: |   4   |   ff00::/8  |    ::   |   enp0s3  |   U   |
[   10.821422] cloud-init[694]: ci-info: +-------+-------------+---------+-----------+-------+
[   11.994448] cloud-init[694]: Generating public/private rsa key pair.
[   11.995298] cloud-init[694]: Your identification has been saved in /etc/ssh/ssh_host_rsa_key.
[   11.996347] cloud-init[694]: Your public key has been saved in /etc/ssh/ssh_host_rsa_key.pub.
[   11.997280] cloud-init[694]: The key fingerprint is:
[   11.998023] cloud-init[694]: SHA256:mm74tXqzEpwTZHGxDptIRbQUbGAXbB+97UHh+YqK6gI root@ubuntu-bionic
[   12.012644] cloud-init[694]: The key's randomart image is:
[   12.013792] cloud-init[694]: +---[RSA 2048]----+
[   12.014759] cloud-init[694]: |    o*X+oo  ..   |
[   12.015676] cloud-init[694]: |   . +Bo......   |
[   12.016605] cloud-init[694]: |    .=o... +o    |
[   12.017330] cloud-init[694]: |   . ..=. . o.   |
[   12.018289] cloud-init[694]: |    ..ooS  . ..  |
[   12.018995] cloud-init[694]: |E     =o   ...   |
[   12.019572] cloud-init[694]: | .   .oo. . .    |
[   12.020229] cloud-init[694]: |  . ..oooo       |
[   12.020787] cloud-init[694]: |   oo+=++o       |
[   12.021674] cloud-init[694]: +----[SHA256]-----+
[   12.022616] cloud-init[694]: Generating public/private dsa key pair.
[   12.023806] cloud-init[694]: Your identification has been saved in /etc/ssh/ssh_host_dsa_key.
[   12.024921] cloud-init[694]: Your public key has been saved in /etc/ssh/ssh_host_dsa_key.pub.
[   12.026114] cloud-init[694]: The key fingerprint is:
[   12.026846] cloud-init[694]: SHA256:RLXZE0zc/slYJTCNAdhmyO3OVbETel8wk/mlGabh4xY root@ubuntu-bionic
[   12.027938] cloud-init[694]: The key's randomart image is:
[   12.028914] cloud-init[694]: +---[DSA 1024]----+
[   12.030043] cloud-init[694]: |       ..*o=***+ |
[   12.030853] cloud-init[694]: |       .+ =+=+X*o|
[   12.031789] cloud-init[694]: |        .+o.+*+*+|
[   12.032881] cloud-init[694]: |       .  . Eo++o|
[   12.035563] cloud-init[694]: |        So o o+.o|
[   12.037083] cloud-init[694]: |          o o. o.|
[   12.038597] cloud-init[694]: |           .     |
[   12.039794] cloud-init[694]: |                 |
[   12.040718] cloud-init[694]: |                 |
[   12.041445] cloud-init[694]: +----[SHA256]-----+
[   12.042172] cloud-init[694]: Generating public/private ecdsa key pair.
[   12.043191] cloud-init[694]: Your identification has been saved in /etc/ssh/ssh_host_ecdsa_key.
[   12.044475] cloud-init[694]: Your public key has been saved in /etc/ssh/ssh_host_ecdsa_key.pub.
[   12.045480] cloud-init[694]: The key fingerprint is:
[   12.046211] cloud-init[694]: SHA256:IE1rLrtmrm46uZYuL+ef3NqkbaddRzTBw+Njv+OpRhM root@ubuntu-bionic
[   12.052548] cloud-init[694]: The key's randomart image is:
[   12.053334] cloud-init[694]: +---[ECDSA 256]---+
[   12.053960] cloud-init[694]: |      .    o.    |
[   12.054747] cloud-init[694]: |     o .    =.   |
[   12.055672] cloud-init[694]: |    . =    .oo   |
[   12.056621] cloud-init[694]: |     + .   .E.   |
[   12.057858] cloud-init[694]: |    . . S  ..+   |
[   12.059576] cloud-init[694]: |     o     .o .  |
[   12.060497] cloud-init[694]: | .. . .   .... . |
[   12.061409] cloud-init[694]: |=oo.oO.... .. o. |
[   12.062320] cloud-init[694]: |*%=*Oo=o.  ..oo. |
[   12.064324] cloud-init[694]: +----[SHA256]-----+
[   12.065294] cloud-init[694]: Generating public/private ed25519 key pair.
[   12.066446] cloud-init[694]: Your identification has been saved in /etc/ssh/ssh_host_ed25519_key.
[   12.071967] cloud-init[694]: Your public key has been saved in /etc/ssh/ssh_host_ed25519_key.pub.
[   12.073607] cloud-init[694]: The key fingerprint is:
[   12.074512] cloud-init[694]: SHA256:Dsc8pF9kZSg8ScSMyXhi5rHy/X7mwKmXSd/jLY8v5Kw root@ubuntu-bionic
[   12.076011] cloud-init[694]: The key's randomart image is:
[   12.076913] cloud-init[694]: +--[ED25519 256]--+
[   12.088303] cloud-init[694]: |     o Oo. .o    |
[   12.089793] cloud-init[694]: |    * = B .o     |
[   12.091290] cloud-init[694]: |   + =  .oo      |
[   12.092180] cloud-init[694]: |  . o  = o       |
[   12.093067] cloud-init[694]: |   o .o S .      |
[   12.094035] cloud-init[694]: |    . .*.+  .    |
[   12.094934] cloud-init[694]: |       o*+ =     |
[   12.096112] cloud-init[694]: |       .=.+ Bo   |
[   12.097119] cloud-init[694]: |      .o.+Eoo*+  |
[   12.098013] [[0;32m  OK  [0m] Started Initial cloud-init job (metadata service crawler).
cloud-init[694]: +----[SHA256]-----+
[[0;32m  OK  [0m] Reached target Network is Online.
[[0;32m  OK  [0m] Reached target Remote File Systems (Pre).
[[0;32m  OK  [0m] Reached target Remote File Systems.
         Starting Availability of block devices...
[[0;32m  OK  [0m] Reached target System Initialization.
         Starting LXD - unix socket.
[[0;32m  OK  [0m] Started Ubuntu Advantage update messaging.
[[0;32m  OK  [0m] Started Message of the Day.
[[0;32m  OK  [0m] Started ACPI Events Check.
[[0;32m  OK  [0m] Reached target Paths.
[[0;32m  OK  [0m] Listening on Open-iSCSI iscsid Socket.
[[0;32m  OK  [0m] Started Discard unused blocks once a week.
[[0;32m  OK  [0m] Listening on D-Bus System Message Bus Socket.
[[0;32m  OK  [0m] Started Daily Cleanup of Temporary Directories.
         Starting Socket activation for snappy daemon.
[[0;32m  OK  [0m] Started Daily apt download activities.
[[0;32m  OK  [0m] Started Daily apt upgrade and clean activities.
[[0;32m  OK  [0m] Reached target Timers.
[[0;32m  OK  [0m] Listening on UUID daemon activation socket.
[[0;32m  OK  [0m] Listening on ACPID Listen Socket.
[[0;32m  OK  [0m] Reached target Cloud-config availability.
[[0;32m  OK  [0m] Started Availability of block devices.
[[0;32m  OK  [0m] Listening on LXD - unix socket.
[[0;32m  OK  [0m] Listening on Socket activation for snappy daemon.
[[0;32m  OK  [0m] Reached target Sockets.
[[0;32m  OK  [0m] Reached target Basic System.
[[0;32m  OK  [0m] Started Deferred execution scheduler.
         Starting Accounts Service...
         Starting Pollinate to seed the pseudo random number generator...
         Starting Permit User Sessions...
[[0;32m  OK  [0m] Started Regular background program processing daemon.
         Starting LSB: automatic crash report generation...
[[0;32m  OK  [0m] Started D-Bus System Message Bus.
[[0;32m  OK  [0m] Started FUSE filesystem for LXC.
         Starting LSB: Record successful boot for GRUB...
         Starting LXD - container startup/shutdown...
[[0;32m  OK  [0m] Started irqbalance daemon.
         Starting Virtualbox guest utils...
         Starting Login Service...
         Starting System Logging Service...
         Starting Dispatcher daemon for systemd-networkd...
         Starting Snap Daemon...
[[0;32m  OK  [0m] Started System Logging Service.
[[0;32m  OK  [0m] Started Permit User Sessions.
[[0;32m  OK  [0m] Started LXD - container startup/shutdown.
[[0;32m  OK  [0m] Started Login Service.
[[0;32m  OK  [0m] Started Unattended Upgrades Shutdown.
         Starting Authorization Manager...
         Starting Terminate Plymouth Boot Screen...
         Starting Hold until boot process finishes up...
[[0;32m  OK  [0m] Started Hold until boot process finishes up.
         Starting Set console scheme...
[[0;32m  OK  [0m] Started Serial Getty on ttyS0.
[[0;32m  OK  [0m] Started Terminate Plymouth Boot Screen.
[[0;32m  OK  [0m] Started Set console scheme.
[[0;32m  OK  [0m] Created slice system-getty.slice.
[[0;32m  OK  [0m] Started Getty on tty1.
[[0;32m  OK  [0m] Reached target Login Prompts.
[[0;32m  OK  [0m] Started LSB: automatic crash report generation.
[[0;32m  OK  [0m] Started LSB: Record successful boot for GRUB.
[[0;32m  OK  [0m] Started Authorization Manager.
[[0;32m  OK  [0m] Started Accounts Service.
[[0;32m  OK  [0m] Started Virtualbox guest utils.
[[0;32m  OK  [0m] Started Dispatcher daemon for systemd-networkd.
[[0;32m  OK  [0m] Started Snap Daemon.
         Starting Wait until snapd is fully seeded...
[[0;32m  OK  [0m] Started Pollinate to seed the pseudo random number generator.
         Starting OpenBSD Secure Shell server...
[[0;32m  OK  [0m] Started OpenBSD Secure Shell server.
[[0;32m  OK  [0m] Created slice User Slice of vagrant.
         Starting User Manager for UID 1000...
[[0;32m  OK  [0m] Started Session 1 of user vagrant.
[[0;32m  OK  [0m] Started User Manager for UID 1000.
[[0;32m  OK  [0m] Started Wait until snapd is fully seeded.
         Starting Apply the settings specified in cloud-config...
[[0;32m  OK  [0m] Reached target Multi-User System.
[[0;32m  OK  [0m] Reached target Graphical Interface.
         Starting Update UTMP about System Runlevel Changes...
[[0;32m  OK  [0m] Started Update UTMP about System Runlevel Changes.
[   16.568649] cloud-init[1344]: Cloud-init v. 21.2-3-g899bfaa9-0ubuntu2~18.04.1 running 'modules:config' at Wed, 27 Oct 2021 15:02:07 +0000. Up 16.19 seconds.
[[0;32m  OK  [0m] Started Apply the settings specified in cloud-config.
         Starting Execute cloud user/final scripts...
         Stopping User Manager for UID 1000...
[[0;32m  OK  [0m] Stopped User Manager for UID 1000.
[[0;32m  OK  [0m] Removed slice User Slice of vagrant.
ci-info: no authorized SSH keys fingerprints found for user ubuntu.
<14>Oct 27 15:02:07 cloud-init: #############################################################
<14>Oct 27 15:02:07 cloud-init: -----BEGIN SSH HOST KEY FINGERPRINTS-----
<14>Oct 27 15:02:07 cloud-init: 1024 SHA256:RLXZE0zc/slYJTCNAdhmyO3OVbETel8wk/mlGabh4xY root@ubuntu-bionic (DSA)
<14>Oct 27 15:02:07 cloud-init: 256 SHA256:IE1rLrtmrm46uZYuL+ef3NqkbaddRzTBw+Njv+OpRhM root@ubuntu-bionic (ECDSA)
<14>Oct 27 15:02:07 cloud-init: 256 SHA256:Dsc8pF9kZSg8ScSMyXhi5rHy/X7mwKmXSd/jLY8v5Kw root@ubuntu-bionic (ED25519)
<14>Oct 27 15:02:07 cloud-init: 2048 SHA256:mm74tXqzEpwTZHGxDptIRbQUbGAXbB+97UHh+YqK6gI root@ubuntu-bionic (RSA)
<14>Oct 27 15:02:07 cloud-init: -----END SSH HOST KEY FINGERPRINTS-----
<14>Oct 27 15:02:07 cloud-init: #############################################################
-----BEGIN SSH HOST KEY KEYS-----
ecdsa-sha2-nistp256 AAAAE2VjZHNhLXNoYTItbmlzdHAyNTYAAAAIbmlzdHAyNTYAAABBBCiA5KFQkgfYVrFdrN0hm2WBEDkpEerXPrxzuMOgBPh+kqks1TWvbTwr6x3jc9cD52t51yVmRgzenapRw7BjqgQ= root@ubuntu-bionic
ssh-ed25519 AAAAC3NzaC1lZDI1NTE5AAAAIPpX4SvoLNMsKa0KSxF3hJsBERxU5u9vCQQ2FKUWLi+3 root@ubuntu-bionic
ssh-rsa AAAAB3NzaC1yc2EAAAADAQABAAABAQCWU15SiTlomxLLe8U2d5Q6QnI6NeCVLasTdw3w0m16wjA2+TS10FKFunb0XkugGmz1UMlaputnBESfq1h88qnbJSxcAeeU4529fUBk58xLQs6djsnTEwmx18LPUSyamNTn+uVRIDI2RPkqt9vZggFod7uoHMbjOsnwZUIFLi12f9U0ALT4xjwZ3ztylHEbFD2p2Dzfn6Ejp/k6poJWkJa1KDI0/95pX6fNbut4lXjITH8dgdJ71wDUFip0V8SnRgRBrLnWezbXv8Kn9U8AB7H0ZDt36bMNuySc1U9+tD0ynvfnKLPxTxMMz3RYlllNugR4TEDemtkgcWEsWjxrI8Zn root@ubuntu-bionic
-----END SSH HOST KEY KEYS-----
[   17.143619] cloud-init[1503]: Cloud-init v. 21.2-3-g899bfaa9-0ubuntu2~18.04.1 running 'modules:final' at Wed, 27 Oct 2021 15:02:07 +0000. Up 16.96 seconds.
[   17.158092] cloud-init[1503]: ci-info: no authorized SSH keys fingerprints found for user ubuntu.
[   17.159288] cloud-init[1503]: Cloud-init v. 21.2-3-g899bfaa9-0ubuntu2~18.04.1 finished at Wed, 27 Oct 2021 15:02:07 +0000. Datasource DataSourceNoCloud [seed=/dev/sdb][dsmode=net].  Up 17.13 seconds
[[0;32m  OK  [0m] Started Execute cloud user/final scripts.
[[0;32m  OK  [0m] Reached target Cloud-init target.

Ubuntu 18.04.6 LTS ubuntu-bionic ttyS0

ubuntu-bionic login: 